mkdir -p obj
mkdir -p build/deps
mkdir -p obj/cuda
mkdir -p build/deps/cuda
Compiling C++ source: src/AutonomousLearningAgent.cpp
g++ -std=c++17 -Iinclude -I/opt/cuda/include -O3 -g -fPIC -Wall -c src/AutonomousLearningAgent.cpp -o obj/AutonomousLearningAgent.o
Compiling C++ source: src/CentralController.cpp
Compiling C++ source: src/BrainModuleArchitecture.cpp
g++ -std=c++17 -Iinclude -I/opt/cuda/include -O3 -g -fPIC -Wall -c src/BrainModuleArchitecture.cpp -o obj/BrainModuleArchitecture.o
Compiling C++ source: src/ControllerModule.cpp
g++ -std=c++17 -Iinclude -I/opt/cuda/include -O3 -g -fPIC -Wall -c src/CentralController.cpp -o obj/CentralController.o
g++ -std=c++17 -Iinclude -I/opt/cuda/include -O3 -g -fPIC -Wall -c src/ControllerModule.cpp -o obj/ControllerModule.o
Compiling C++ source: src/DecisionAndActionSystems.cpp
g++ -std=c++17 -Iinclude -I/opt/cuda/include -O3 -g -fPIC -Wall -c src/DecisionAndActionSystems.cpp -o obj/DecisionAndActionSystems.o
Compiling C++ source: src/EnhancedLearningSystem.cpp
g++ -std=c++17 -Iinclude -I/opt/cuda/include -O3 -g -fPIC -Wall -c src/EnhancedLearningSystem.cpp -o obj/EnhancedLearningSystem.o
src/DecisionAndActionSystems.cpp: In member function ‘std::vector<float> AutonomousLearningAgent::evaluate_action_candidates(const std::vector<BrowsingAction>&, const std::vector<MemorySystem::MemoryTrace>&)’:
src/DecisionAndActionSystems.cpp:509:51: warning: comparison of integer expressions of different signedness: ‘int’ and ‘std::vector<float>::size_type’ {aka ‘long unsigned int’} [-Wsign-compare]
  509 |                 if (static_cast<int>(action.type) < episode.action_vector.size()) {
      |                     ~~~~~~~~~~~~~~~~~~~~~~~~~~~~~~^~~~~~~~~~~~~~~~~~~~~~~~~~~~~~
Compiling C++ source: src/EnhancedNeuralModule.cpp
g++ -std=c++17 -Iinclude -I/opt/cuda/include -O3 -g -fPIC -Wall -c src/EnhancedNeuralModule.cpp -o obj/EnhancedNeuralModule.o
Compiling C++ source: src/EnhancedSTDPFramework.cpp
g++ -std=c++17 -Iinclude -I/opt/cuda/include -O3 -g -fPIC -Wall -c src/EnhancedSTDPFramework.cpp -o obj/EnhancedSTDPFramework.o
Compiling C++ source: src/main_autonomous.cpp
g++ -std=c++17 -Iinclude -I/opt/cuda/include -O3 -g -fPIC -Wall -c src/main_autonomous.cpp -o obj/main_autonomous.o
src/EnhancedNeuralModule.cpp: In member function ‘void EnhancedNeuralModule::updateDevelopmentalState(float)’:
src/EnhancedNeuralModule.cpp:406:11: warning: unused variable ‘development_rate’ [-Wunused-variable]
  406 |     float development_rate = 0.001f * avg_activity;
      |           ^~~~~~~~~~~~~~~~
Compiling C++ source: src/main.cpp
g++ -std=c++17 -Iinclude -I/opt/cuda/include -O3 -g -fPIC -Wall -c src/main.cpp -o obj/main.o
Compiling C++ source: src/MemorySystem.cpp
g++ -std=c++17 -Iinclude -I/opt/cuda/include -O3 -g -fPIC -Wall -c src/MemorySystem.cpp -o obj/MemorySystem.o
In file included from src/main_autonomous.cpp:18:
include/NeuroGen/NetworkIntegration.h: In member function ‘float EnhancedNetworkManager::processRewardSignal(float)’:
include/NeuroGen/NetworkIntegration.h:384:67: warning: comparison of integer expressions of different signedness: ‘int’ and ‘std::vector<float>::size_type’ {aka ‘long unsigned int’} [-Wsign-compare]
  384 |             for (int i = reward_history_.size() - recent_count; i < reward_history_.size(); i++) {
      |                                                                 ~~^~~~~~~~~~~~~~~~~~~~~~~~
include/NeuroGen/NetworkIntegration.h: In member function ‘float EnhancedNetworkManager::calculateLearningProgress() const’:
include/NeuroGen/NetworkIntegration.h:470:36: warning: comparison of integer expressions of different signedness: ‘int’ and ‘std::vector<float>::size_type’ {aka ‘long unsigned int’} [-Wsign-compare]
  470 |         for (int i = half_point; i < weight_change_history_.size(); i++) {
      |                                  ~~^~~~~~~~~~~~~~~~~~~~~~~~~~~~~~~
include/NeuroGen/NetworkIntegration.h: In member function ‘float EnhancedNetworkManager::calculateWeightStability() const’:
include/NeuroGen/NetworkIntegration.h:493:16: warning: comparison of integer expressions of different signedness: ‘int’ and ‘std::vector<float>::size_type’ {aka ‘long unsigned int’} [-Wsign-compare]
  493 |              i < weight_change_history_.size(); i++) {
      |              ~~^~~~~~~~~~~~~~~~~~~~~~~~~~~~~~~
include/NeuroGen/NetworkIntegration.h:500:16: warning: comparison of integer expressions of different signedness: ‘int’ and ‘std::vector<float>::size_type’ {aka ‘long unsigned int’} [-Wsign-compare]
  500 |              i < weight_change_history_.size(); i++) {
      |              ~~^~~~~~~~~~~~~~~~~~~~~~~~~~~~~~~
Compiling C++ source: src/ModularNeuralNetwork.cpp
g++ -std=c++17 -Iinclude -I/opt/cuda/include -O3 -g -fPIC -Wall -c src/ModularNeuralNetwork.cpp -o obj/ModularNeuralNetwork.o
In file included from src/MemorySystem.cpp:1:
include/NeuroGen/AutonomousLearningAgent.h: In constructor ‘MemorySystem::MemorySystem(size_t, size_t)’:
include/NeuroGen/AutonomousLearningAgent.h:120:11: warning: ‘MemorySystem::forgetting_rate_’ will be initialized after [-Wreorder]
  120 |     float forgetting_rate_;
      |           ^~~~~~~~~~~~~~~~
include/NeuroGen/AutonomousLearningAgent.h:118:12: warning:   ‘size_t MemorySystem::working_memory_capacity_’ [-Wreorder]
  118 |     size_t working_memory_capacity_;
      |            ^~~~~~~~~~~~~~~~~~~~~~~~
src/MemorySystem.cpp:12:1: warning:   when initialized here [-Wreorder]
   12 | MemorySystem::MemorySystem(size_t max_episodes, size_t working_capacity)
      | ^~~~~~~~~~~~
Compiling C++ source: src/NetworkBuilder.cpp
g++ -std=c++17 -Iinclude -I/opt/cuda/include -O3 -g -fPIC -Wall -c src/NetworkBuilder.cpp -o obj/NetworkBuilder.o
Compiling C++ source: src/Network.cpp
g++ -std=c++17 -Iinclude -I/opt/cuda/include -O3 -g -fPIC -Wall -c src/Network.cpp -o obj/Network.o
Compiling C++ source: src/NetworkCPU.cpp
g++ -std=c++17 -Iinclude -I/opt/cuda/include -O3 -g -fPIC -Wall -c src/NetworkCPU.cpp -o obj/NetworkCPU.o
Compiling C++ source: src/NetworkLayer.cpp
g++ -std=c++17 -Iinclude -I/opt/cuda/include -O3 -g -fPIC -Wall -c src/NetworkLayer.cpp -o obj/NetworkLayer.o
Compiling C++ source: src/NetworkPresets.cpp
g++ -std=c++17 -Iinclude -I/opt/cuda/include -O3 -g -fPIC -Wall -c src/NetworkPresets.cpp -o obj/NetworkPresets.o
Compiling C++ source: src/NetworkStats.cpp
g++ -std=c++17 -Iinclude -I/opt/cuda/include -O3 -g -fPIC -Wall -c src/NetworkStats.cpp -o obj/NetworkStats.o
In file included from src/Network.cpp:1:
include/NeuroGen/Network.h: In constructor ‘Network::Network(const NetworkConfig&)’:
include/NeuroGen/Network.h:539:19: warning: ‘Network::module_’ will be initialized after [-Wreorder]
  539 |     NeuralModule* module_;
      |                   ^~~~~~~
include/NeuroGen/Network.h:532:26: warning:   ‘std::mt19937 Network::random_engine_’ [-Wreorder]
  532 |     mutable std::mt19937 random_engine_;
      |                          ^~~~~~~~~~~~~~
src/Network.cpp:12:1: warning:   when initialized here [-Wreorder]
   12 | Network::Network(const NetworkConfig& config)
      | ^~~~~~~
src/Network.cpp: In member function ‘void Network::initialize_neurons()’:
src/Network.cpp:206:26: warning: comparison of integer expressions of different signedness: ‘size_t’ {aka ‘long unsigned int’} and ‘int’ [-Wsign-compare]
  206 |     for (size_t i = 0; i < config_.hidden_size; ++i) {
      |                        ~~^~~~~~~~~~~~~~~~~~~~~
Compiling C++ source: src/NeuralModule.cpp
g++ -std=c++17 -Iinclude -I/opt/cuda/include -O3 -g -fPIC -Wall -c src/NeuralModule.cpp -o obj/NeuralModule.o
Compiling C++ source: src/NeuralNetworkInterface.cpp
g++ -std=c++17 -Iinclude -I/opt/cuda/include -O3 -g -fPIC -Wall -c src/NeuralNetworkInterface.cpp -o obj/NeuralNetworkInterface.o
src/NeuralNetworkInterface.cpp:4:10: fatal error: nlohmann/json.hpp: No such file or directory
    4 | #include <nlohmann/json.hpp>
      |          ^~~~~~~~~~~~~~~~~~~
compilation terminated.
make: *** [Makefile:72: obj/NeuralNetworkInterface.o] Error 1
make: *** Waiting for unfinished jobs....
